../Core/Src/main.c:69:5:main	80	static
../Core/Src/main.c:125:6:SystemClock_Config	88	static
../Core/Src/main.c:172:13:MX_TIM2_Init	32	static
../Core/Src/main.c:217:13:MX_USART2_UART_Init	8	static
../Core/Src/main.c:250:13:MX_GPIO_Init	48	static
../Core/Src/main.c:292:6:delay_us	16	static
../Core/Src/main.c:297:6:set_pin_output	40	static
../Core/Src/main.c:306:6:set_pin_input	40	static
../Core/Src/main.c:314:9:DS18B20_Start	16	static
../Core/Src/main.c:326:6:DS18B20_Write	24	static
../Core/Src/main.c:334:9:DS18B20_Read	16	static
../Core/Src/main.c:347:7:DS18B20_GetTemp	16	static
../Core/Src/main.c:372:6:Error_Handler	4	static,ignoring_inline_asm
